      [38;2;165;173;203mRepos[m[38;2;165;173;203m > [m [1;38;2;138;173;244mbravo[m  [48;2;73;77;100m [m[1;38;2;202;211;245;48;2;73;77;100mgit[m[48;2;73;77;100m [m [48;2;238;212;159m [m[1;38;2;36;39;58;48;2;238;212;159muncommitted, unpushed[m[48;2;238;212;159m [m [38;2;166;218;149mPR #42[m                                                        
      [38;2;165;173;203m/Users/dev/bravo[m                                                                                            
                                                                                                                  
      [38;2;91;96;120m╭─────────────────────────╮[m[38;2;128;135;162m╭───────────────────────────────────────────────────────────────────────────────╮[m
      [38;2;91;96;120m│[m[38;2;165;173;203m[s]tatus[m                 [38;2;91;96;120m│[m[38;2;128;135;162m│[m[38;2;165;173;203mmain[m                                                                           [38;2;128;135;162m│[m
      [38;2;91;96;120m│[m[38;2;202;211;245m↑2 vs origin/feature/log…[m[38;2;91;96;120m│[m[38;2;128;135;162m│[m[38;2;165;173;203mupstream [m[38;2;202;211;245morigin/main[m                                                           [38;2;128;135;162m│[m
      [38;2;91;96;120m│[m[38;2;202;211;245m1 staged · 3 unstaged    [m[38;2;91;96;120m│[m[38;2;128;135;162m│[m[38;2;165;173;203mtracking [m[38;2;202;211;245m✓[m                                                                     [38;2;128;135;162m│[m
      [38;2;91;96;120m│[m[38;2;202;211;245mtemplate — · CI —        [m[38;2;91;96;120m│[m[38;2;128;135;162m│[m[38;2;165;173;203mlast commit [m[38;2;202;211;245m2 hours ago[m                                                        [38;2;128;135;162m│[m
      [38;2;91;96;120m│[m[38;2;202;211;245mno peers, stashes, or no…[m[38;2;91;96;120m│[m[38;2;128;135;162m│[m                                                                               [38;2;128;135;162m│[m
      [38;2;91;96;120m╰─────────────────────────╯[m[38;2;128;135;162m│[m[38;2;165;173;203mloading commits…[m                                                               [38;2;128;135;162m│[m
      [38;2;138;173;244m╭─────────────────────────╮[m[38;2;128;135;162m│[m                                                                               [38;2;128;135;162m│[m
      [38;2;138;173;244m│[m[1;38;2;138;173;244m[b]ranches (2)[m           [38;2;138;173;244m│[m[38;2;128;135;162m│[m                                                                               [38;2;128;135;162m│[m
      [38;2;138;173;244m│[m> [38;2;198;160;246;48;2;54;58;79mmain           [m  [38;2;202;211;245;48;2;54;58;79m✓     [m[38;2;138;173;244m│[m[38;2;128;135;162m│[m                                                                               [38;2;128;135;162m│[m
      [38;2;138;173;244m│[m  [38;2;166;218;149m* feature/login[m  [38;2;202;211;245m↑2    [m[38;2;138;173;244m│[m[38;2;128;135;162m│[m                                                                               [38;2;128;135;162m│[m
      [38;2;138;173;244m╰─────────────────────────╯[m[38;2;128;135;162m│[m                                                                               [38;2;128;135;162m│[m
                                 [38;2;128;135;162m│[m                                                                               [38;2;128;135;162m│[m
                                 [38;2;128;135;162m│[m                                                                               [38;2;128;135;162m│[m
                                 [38;2;128;135;162m│[m                                                                               [38;2;128;135;162m│[m
                                 [38;2;128;135;162m│[m                                                                               [38;2;128;135;162m│[m
                                 [38;2;128;135;162m│[m                                                                               [38;2;128;135;162m│[m
                                 [38;2;128;135;162m│[m                                                                               [38;2;128;135;162m│[m
                                 [38;2;128;135;162m│[m                                                                               [38;2;128;135;162m│[m
                                 [38;2;128;135;162m│[m                                                                               [38;2;128;135;162m│[m
                                 [38;2;128;135;162m│[m                                                                               [38;2;128;135;162m│[m
                                 [38;2;128;135;162m│[m                                                                               [38;2;128;135;162m│[m
                                 [38;2;128;135;162m│[m                                                                               [38;2;128;135;162m│[m
                                 [38;2;128;135;162m│[m                                                                               [38;2;128;135;162m│[m
                                 [38;2;128;135;162m│[m                                                                               [38;2;128;135;162m│[m
                                 [38;2;128;135;162m│[m                                                                               [38;2;128;135;162m│[m
                                 [38;2;128;135;162m│[m                                                                               [38;2;128;135;162m│[m
                                 [38;2;128;135;162m│[m                                                                               [38;2;128;135;162m│[m
                                 [38;2;128;135;162m│[m                                                                               [38;2;128;135;162m│[m
                                 [38;2;128;135;162m│[m                                                                               [38;2;128;135;162m│[m
                                 [38;2;128;135;162m╰───────────────────────────────────────────────────────────────────────────────╯[m
      [38;2;165;173;203m[1;38;2;138;173;244mj/k[m[38;2;165;173;203m nav[m  [1;38;2;138;173;244mesc[m[38;2;165;173;203m back[m  [1;38;2;138;173;244mspace[m[38;2;165;173;203m find[m  [1;38;2;138;173;244menter[m[38;2;165;173;203m detail[m  [1;38;2;138;173;244m![m[38;2;165;173;203m act[m[m                                                          