      [38;2;165;173;203mRepos[m[38;2;165;173;203m > [m [1;38;2;138;173;244mbravo[m  [48;2;73;77;100m [m[1;38;2;202;211;245;48;2;73;77;100mgit[m[48;2;73;77;100m [m [48;2;238;212;159m [m[1;38;2;36;39;58;48;2;238;212;159muncommitted, unpushed[m[48;2;238;212;159m [m [38;2;166;218;149mPR #42[m                                                        
      [38;2;165;173;203m/Users/dev/bravo[m                                                                                            
                                                                                                                  
      [38;2;91;96;120m╭───────────────────────────────────────────────╮[m[38;2;128;135;162m╭─────────────────────────────────────────────────────────╮[m
      [38;2;91;96;120m│[m[38;2;165;173;203m[s]tatus[m                                       [38;2;91;96;120m│[m[38;2;128;135;162m│[m[38;2;165;173;203m#42 Add login flow[m                                       [38;2;128;135;162m│[m
      [38;2;91;96;120m│[m[38;2;202;211;245m↑2 vs origin/feature/login                     [m[38;2;91;96;120m│[m[38;2;128;135;162m│[m[38;2;165;173;203mstate [m[38;2;202;211;245mOPEN[m                                               [38;2;128;135;162m│[m
      [38;2;91;96;120m│[m[38;2;202;211;245m1 staged · 3 unstaged                          [m[38;2;91;96;120m│[m[38;2;128;135;162m│[m[38;2;165;173;203mhead [m[38;2;202;211;245mfeature/login → [m                                    [38;2;128;135;162m│[m
      [38;2;91;96;120m│[m[38;2;202;211;245mtemplate — · CI —                              [m[38;2;91;96;120m│[m[38;2;128;135;162m│[m[38;2;165;173;203mchecks [m[38;2;202;211;245m—[m                                                 [38;2;128;135;162m│[m
      [38;2;91;96;120m│[m[38;2;202;211;245mno peers, stashes, or notes                    [m[38;2;91;96;120m│[m[38;2;128;135;162m│[m[38;2;165;173;203mreview [m[38;2;202;211;245m—[m                                                 [38;2;128;135;162m│[m
      [38;2;91;96;120m╰───────────────────────────────────────────────╯[m[38;2;128;135;162m│[m[38;2;165;173;203mactivity [m[38;2;202;211;245m—[m                                               [38;2;128;135;162m│[m
      [38;2;91;96;120m╭───────────────────────────────────────────────╮[m[38;2;128;135;162m│[m                                                         [38;2;128;135;162m│[m
      [38;2;91;96;120m│[m[38;2;165;173;203m[b]ranches (2)[m                                 [38;2;91;96;120m│[m[38;2;128;135;162m│[m[38;2;165;173;203mloading description…[m                                     [38;2;128;135;162m│[m
      [38;2;91;96;120m│[m  [38;2;198;160;246mmain              [m  [38;2;202;211;245m✓     [m  [38;2;202;211;245m2 hours ago [m     [38;2;91;96;120m│[m[38;2;128;135;162m│[m                                                         [38;2;128;135;162m│[m
      [38;2;91;96;120m│[m  [38;2;166;218;149m* feature/login   [m  [38;2;202;211;245m↑2    [m  [38;2;202;211;245m10 mins ago [m     [38;2;91;96;120m│[m[38;2;128;135;162m│[m                                                         [38;2;128;135;162m│[m
      [38;2;91;96;120m╰───────────────────────────────────────────────╯[m[38;2;128;135;162m│[m                                                         [38;2;128;135;162m│[m
      [38;2;138;173;244m╭───────────────────────────────────────────────╮[m[38;2;128;135;162m│[m                                                         [38;2;128;135;162m│[m
      [38;2;138;173;244m│[m[1;38;2;138;173;244m[p] PRs (2)[m                                    [38;2;138;173;244m│[m[38;2;128;135;162m│[m                                                         [38;2;128;135;162m│[m
      [38;2;138;173;244m│[m> [38;2;202;211;245;48;2;54;58;79m#42  [m  [38;2;202;211;245;48;2;54;58;79mAdd login flow          [m  [38;2;166;218;149;48;2;54;58;79mOPEN   [m     [38;2;138;173;244m│[m[38;2;128;135;162m│[m                                                         [38;2;128;135;162m│[m
      [38;2;138;173;244m│[m  [38;2;202;211;245m#7   [m  [38;2;202;211;245mBump the template to v0…[m  [38;2;128;135;162mDRAFT  [m     [38;2;138;173;244m│[m[38;2;128;135;162m│[m                                                         [38;2;128;135;162m│[m
      [38;2;138;173;244m╰───────────────────────────────────────────────╯[m[38;2;128;135;162m│[m                                                         [38;2;128;135;162m│[m
                                                       [38;2;128;135;162m│[m                                                         [38;2;128;135;162m│[m
                                                       [38;2;128;135;162m│[m                                                         [38;2;128;135;162m│[m
                                                       [38;2;128;135;162m│[m                                                         [38;2;128;135;162m│[m
                                                       [38;2;128;135;162m│[m                                                         [38;2;128;135;162m│[m
                                                       [38;2;128;135;162m│[m                                                         [38;2;128;135;162m│[m
                                                       [38;2;128;135;162m│[m                                                         [38;2;128;135;162m│[m
                                                       [38;2;128;135;162m│[m                                                         [38;2;128;135;162m│[m
                                                       [38;2;128;135;162m│[m                                                         [38;2;128;135;162m│[m
                                                       [38;2;128;135;162m│[m                                                         [38;2;128;135;162m│[m
                                                       [38;2;128;135;162m│[m                                                         [38;2;128;135;162m│[m
                                                       [38;2;128;135;162m│[m                                                         [38;2;128;135;162m│[m
                                                       [38;2;128;135;162m│[m                                                         [38;2;128;135;162m│[m
                                                       [38;2;128;135;162m│[m                                                         [38;2;128;135;162m│[m
                                                       [38;2;128;135;162m╰─────────────────────────────────────────────────────────╯[m
      [38;2;165;173;203m[1;38;2;138;173;244mj/k[m[38;2;165;173;203m nav[m  [1;38;2;138;173;244mesc[m[38;2;165;173;203m back[m  [1;38;2;138;173;244mspace[m[38;2;165;173;203m find[m  [1;38;2;138;173;244menter[m[38;2;165;173;203m detail[m  [1;38;2;138;173;244m![m[38;2;165;173;203m act[m[m                                                          