  [38;2;165;173;203mRepos[m[38;2;165;173;203m > [m [1;38;2;138;173;244mbravo[m  [48;2;73;77;100m [m[1;38;2;202;211;245;48;2;73;77;100mgit[m[48;2;73;77;100m [m [48;2;238;212;159m [m[1;38;2;36;39;58;48;2;238;212;159mdirty[m[48;2;238;212;159m [m [38;2;166;218;149mPR #42[m                                        
                                                                              
  [38;2;91;96;120m╭────────────────────────────────────────────────────────────────────────╮[m  
  [38;2;91;96;120m│[m[38;2;165;173;203mSync      [m ↑2 vs origin/feature/login                                   [38;2;91;96;120m│[m  
  [38;2;91;96;120m│[m[38;2;165;173;203mFiles     [m 1 staged · 3 unstaged                                        [38;2;91;96;120m│[m  
  [38;2;91;96;120m╰────────────────────────────────────────────────────────────────────────╯[m  
                                                                              
    [1;4;38;2;138;173;244;4mB[m[1;4;38;2;138;173;244;4mr[m[38;2;138;173;244;4m [m[1;4;38;2;138;173;244;4m2[m  [38;2;73;77;100m · [m  [38;2;165;173;203mSt 0[m  [38;2;73;77;100m · [m  [38;2;165;173;203mWt 0[m  [38;2;73;77;100m · [m  [38;2;165;173;203mPR 2[m  [38;2;73;77;100m · [m  [38;2;165;173;203mNo 0[m                          
  [38;2;165;173;203m────────────────────────────────────────────────────[m                        
                                                                              
  [1;38;2;165;173;203m  BRANCH                    STATUS      PR          CHECKED OUT          …+3[m
  > [38;2;198;160;246;48;2;54;58;79mmain                    [m  [38;2;202;211;245;48;2;54;58;79m✓         [m  [38;2;202;211;245;48;2;54;58;79m—         [m  [38;2;202;211;245;48;2;54;58;79m—                  [m     
    [38;2;166;218;149m* feature/login         [m  [38;2;202;211;245m↑2        [m  [38;2;166;218;149m#42       [m  [38;2;202;211;245mhere               [m     
                                                                              
                                                                              
                                                                              
                                                                              
                                                                              
                                                                              
                                                                              
                                                                              
                                                                              
  [38;2;165;173;203m[1;38;2;138;173;244m[1 work][m[38;2;165;173;203m 2 review [m[38;2;165;173;203m 3 sync [m[38;2;165;173;203m 4 maintain [m  [1;38;2;138;173;244mesc[m[38;2;165;173;203m back[m  [1;38;2;138;173;244menter[m[38;2;165;173;203m branch[m  [1;38;2;138;173;244mc[m[38;2;165;173;203m switch[m[m    