  [38;2;165;173;203mRepos[m[38;2;165;173;203m > [m [1;38;2;138;173;244mbravo[m  [48;2;73;77;100m [m[1;38;2;202;211;245;48;2;73;77;100mgit[m[48;2;73;77;100m [m [48;2;238;212;159m [m[1;38;2;36;39;58;48;2;238;212;159muncommitted, unpushed[m[48;2;238;212;159m [m [38;2;166;218;149mPR #42[m                                                                
  [38;2;165;173;203m/Users/dev/bravo[m                                                                                                    
                                                                                                                      
  [38;2;91;96;120m╭────────────────────────────────────────────────────────────────────────────────────────────────────────────────╮[m  
  [38;2;91;96;120m│[m[38;2;165;173;203mSync      [m ↑2 vs origin/feature/login                                                                           [38;2;91;96;120m│[m  
  [38;2;91;96;120m│[m[38;2;165;173;203mFiles     [m 1 staged · 3 unstaged                                                                                [38;2;91;96;120m│[m  
  [38;2;91;96;120m│[m[38;2;165;173;203mPeers     [m none                                                                                                 [38;2;91;96;120m│[m  
  [38;2;91;96;120m│[m[38;2;165;173;203mStashes   [m none                                                                                                 [38;2;91;96;120m│[m  
  [38;2;91;96;120m│[m[38;2;165;173;203mNotes     [m none                                                                                                 [38;2;91;96;120m│[m  
  [38;2;91;96;120m│[m[38;2;165;173;203mTemplate  [m —                                                                                                    [38;2;91;96;120m│[m  
  [38;2;91;96;120m│[m[38;2;165;173;203mPRs       [m #42 Add login flow                                                                                   [38;2;91;96;120m│[m  
  [38;2;91;96;120m│[m[38;2;165;173;203mCI        [m —                                                                                                    [38;2;91;96;120m│[m  
  [38;2;91;96;120m╰────────────────────────────────────────────────────────────────────────────────────────────────────────────────╯[m  
                                                                                                                      
    [38;2;165;173;203mBranches (2)[m  [38;2;73;77;100m │ [m  [38;2;165;173;203mStashes (0)[m  [38;2;73;77;100m │ [m  [38;2;165;173;203mCheckouts (0)[m  [38;2;73;77;100m │ [m  [1;4;38;2;138;173;244;4mP[m[1;4;38;2;138;173;244;4mR[m[1;4;38;2;138;173;244;4ms[m[38;2;138;173;244;4m [m[1;4;38;2;138;173;244;4m([m[1;4;38;2;138;173;244;4m2[m[1;4;38;2;138;173;244;4m)[m  [38;2;73;77;100m │ [m  [38;2;165;173;203mNotes (0)[m                                  
  [38;2;165;173;203m────────────────────────────────────────────────────────────────────────────────────[m                                
                                                                                                                      
  [1;38;2;165;173;203m  NUMBER   TITLE                              STATE       CHECKS        ACTIVITY                  BRANCH            [m
  > [38;2;202;211;245;48;2;54;58;79m#42    [m  [38;2;202;211;245;48;2;54;58;79mAdd login flow                   [m  [38;2;166;218;149;48;2;54;58;79mOPEN      [m  [38;2;202;211;245;48;2;54;58;79m—           [m  [38;2;165;173;203;48;2;54;58;79m—                       [m  [38;2;198;160;246;48;2;54;58;79mfeature/login     [m
    [38;2;202;211;245m#7     [m  [38;2;202;211;245mBump the template to v0.10.0     [m  [38;2;128;135;162mDRAFT     [m  [38;2;202;211;245m—           [m  [38;2;165;173;203m—                       [m  [38;2;198;160;246mchore/template    [m
                                                                                                                      
                                                                                                                      
                                                                                                                      
                                                                                                                      
                                                                                                                      
                                                                                                                      
                                                                                                                      
                                                                                                                      
                                                                                                                      
                                                                                                                      
                                                                                                                      
                                                                                                                      
                                                                                                                      
  [38;2;165;173;203m[38;2;165;173;203m 1 work [m[1;38;2;138;173;244m[2 review][m[38;2;165;173;203m 3 sync [m[38;2;165;173;203m 4 maintain [m  [1;38;2;138;173;244mtab[m[38;2;165;173;203m tabs[m  [1;38;2;138;173;244mj/k[m[38;2;165;173;203m nav[m  [1;38;2;138;173;244mesc[m[38;2;165;173;203m back[m  [1;38;2;138;173;244menter[m[38;2;165;173;203m PR[m  [1;38;2;138;173;244mg[m[38;2;165;173;203m checkout[m  [1;38;2;138;173;244mM[m[38;2;165;173;203m squash-merge[m[m           