  [38;2;165;173;203mRepos[m[38;2;165;173;203m > [m [1;38;2;138;173;244mbravo[m  [48;2;73;77;100m [m[1;38;2;202;211;245;48;2;73;77;100mgit[m[48;2;73;77;100m [m [48;2;238;212;159m [m[1;38;2;36;39;58;48;2;238;212;159mdirty[m[48;2;238;212;159m [m [38;2;166;218;149mPR #42[m                                        
  [38;2;165;173;203m/Users/dev/bravo[m                                                            
                                                                              
    [38;2;165;173;203mBr 2[m  [38;2;73;77;100m · [m  [38;2;165;173;203mSt 0[m  [38;2;73;77;100m · [m  [38;2;165;173;203mWt 0[m  [38;2;73;77;100m · [m  [1;4;38;2;138;173;244;4mP[m[1;4;38;2;138;173;244;4mR[m[38;2;138;173;244;4m [m[1;4;38;2;138;173;244;4m2[m  [38;2;73;77;100m · [m  [38;2;165;173;203mNo 0[m                          
  [38;2;165;173;203m────────────────────────────────────────────────────[m                        
                                                                              
  [1;38;2;165;173;203m  NUMBER   TITLE                          STATE       BRANCH             …+1[m
  > [38;2;202;211;245;48;2;54;58;79m#42    [m  [38;2;202;211;245;48;2;54;58;79mAdd login flow               [m  [38;2;166;218;149;48;2;54;58;79mOPEN      [m  [38;2;198;160;246;48;2;54;58;79mfeature/login    [m     
    [38;2;202;211;245m#7     [m  [38;2;202;211;245mBump the template to v0.10.0 [m  [38;2;128;135;162mDRAFT     [m  [38;2;198;160;246mchore/template   [m     
                                                                              
                                                                              
                                                                              
                                                                              
                                                                              
                                                                              
                                                                              
                                                                              
                                                                              
                                                                              
                                                                              
                                                                              
                                                                              
  [38;2;165;173;203mtab: tabs  j/k: nav  enter: PR  M: squash-merge  esc: back[m                  