                                                                                                    
                                                                                                    
                                                                                                    
                                                                                                    
                                                                                                    
                                                                                                    
                                                                                                    
                                                                                                    
                                                                                                    
                                                                                                    
                                         [1;38;2;138;173;244mFilter Repositories[m                                        
                                                                                                    
                                [1;38;2;165;173;203m        Key  Filter           Count[m                                 
                                    [38;2;166;218;149m    [m  [1;38;2;198;160;246md  [m  [38;2;202;211;245mDirty          [m  [38;2;165;173;203m2[m                                   
                                  > [38;2;166;218;149m    [m  [1;38;2;198;160;246m>  [m  [38;2;202;211;245;48;2;54;58;79mAhead          [m  [38;2;165;173;203m1[m                                   
                                    [38;2;166;218;149m    [m  [1;38;2;198;160;246m<  [m  [38;2;202;211;245mBehind         [m  [38;2;165;173;203m0[m                                   
                                    [38;2;166;218;149m    [m  [1;38;2;198;160;246mp  [m  [38;2;202;211;245mHas PR         [m  [38;2;165;173;203m1[m                                   
                                    [38;2;166;218;149m    [m  [1;38;2;198;160;246ms  [m  [38;2;202;211;245mHas Stash      [m  [38;2;165;173;203m0[m                                   
                                                                                                    
                          [1;38;2;138;173;244menter/key[m[38;2;165;173;203m cycle (off/on/NOT)[m  [1;38;2;138;173;244m*[m[38;2;165;173;203m reset[m  [1;38;2;138;173;244mesc[m[38;2;165;173;203m close[m                          
                                                                                                    
                                                                                                    
                                                                                                    
                                                                                                    
                                                                                                    
                                                                                                    
                                                                                                    
                                                                                                    
                                                                                                    
                                                                                                    